Archive member included because of file (symbol)

d:/courses/embedded systems/amit/eclipse/winavr-20100110/bin/../lib/gcc/avr/4.3.3/avr5\libgcc.a(_udivmodqi4.o)
                              ./HAL/LCD/LCD_Program.o (__udivmodqi4)
d:/courses/embedded systems/amit/eclipse/winavr-20100110/bin/../lib/gcc/avr/4.3.3/avr5\libgcc.a(_udivmodhi4.o)
                              ./HAL/ServoMotor/SM_Program.o (__udivmodhi4)
d:/courses/embedded systems/amit/eclipse/winavr-20100110/bin/../lib/gcc/avr/4.3.3/avr5\libgcc.a(_exit.o)
                              d:/courses/embedded systems/amit/eclipse/winavr-20100110/bin/../lib/gcc/avr/4.3.3/../../../../avr/lib/avr5/crtm32.o (exit)
d:/courses/embedded systems/amit/eclipse/winavr-20100110/bin/../lib/gcc/avr/4.3.3/avr5\libgcc.a(_copy_data.o)
                              ./HAL/LCD/LCD_Program.o (__do_copy_data)
d:/courses/embedded systems/amit/eclipse/winavr-20100110/bin/../lib/gcc/avr/4.3.3/avr5\libgcc.a(_clear_bss.o)
                              ./main.o (__do_clear_bss)
d:/courses/embedded systems/amit/eclipse/winavr-20100110/bin/../lib/gcc/avr/4.3.3/avr5\libgcc.a(_fixunssfsi.o)
                              ./HAL/LCD/LCD_Program.o (__fixunssfsi)
d:/courses/embedded systems/amit/eclipse/winavr-20100110/bin/../lib/gcc/avr/4.3.3/avr5\libgcc.a(_addsub_sf.o)
                              d:/courses/embedded systems/amit/eclipse/winavr-20100110/bin/../lib/gcc/avr/4.3.3/avr5\libgcc.a(_fixunssfsi.o) (__subsf3)
d:/courses/embedded systems/amit/eclipse/winavr-20100110/bin/../lib/gcc/avr/4.3.3/avr5\libgcc.a(_mul_sf.o)
                              ./HAL/LCD/LCD_Program.o (__mulsf3)
d:/courses/embedded systems/amit/eclipse/winavr-20100110/bin/../lib/gcc/avr/4.3.3/avr5\libgcc.a(_gt_sf.o)
                              ./HAL/LCD/LCD_Program.o (__gtsf2)
d:/courses/embedded systems/amit/eclipse/winavr-20100110/bin/../lib/gcc/avr/4.3.3/avr5\libgcc.a(_ge_sf.o)
                              d:/courses/embedded systems/amit/eclipse/winavr-20100110/bin/../lib/gcc/avr/4.3.3/avr5\libgcc.a(_fixunssfsi.o) (__gesf2)
d:/courses/embedded systems/amit/eclipse/winavr-20100110/bin/../lib/gcc/avr/4.3.3/avr5\libgcc.a(_lt_sf.o)
                              ./HAL/LCD/LCD_Program.o (__ltsf2)
d:/courses/embedded systems/amit/eclipse/winavr-20100110/bin/../lib/gcc/avr/4.3.3/avr5\libgcc.a(_sf_to_si.o)
                              d:/courses/embedded systems/amit/eclipse/winavr-20100110/bin/../lib/gcc/avr/4.3.3/avr5\libgcc.a(_fixunssfsi.o) (__fixsfsi)
d:/courses/embedded systems/amit/eclipse/winavr-20100110/bin/../lib/gcc/avr/4.3.3/avr5\libgcc.a(_thenan_sf.o)
                              d:/courses/embedded systems/amit/eclipse/winavr-20100110/bin/../lib/gcc/avr/4.3.3/avr5\libgcc.a(_addsub_sf.o) (__thenan_sf)
d:/courses/embedded systems/amit/eclipse/winavr-20100110/bin/../lib/gcc/avr/4.3.3/avr5\libgcc.a(_prologue.o)
                              d:/courses/embedded systems/amit/eclipse/winavr-20100110/bin/../lib/gcc/avr/4.3.3/avr5\libgcc.a(_addsub_sf.o) (__prologue_saves__)
d:/courses/embedded systems/amit/eclipse/winavr-20100110/bin/../lib/gcc/avr/4.3.3/avr5\libgcc.a(_epilogue.o)
                              d:/courses/embedded systems/amit/eclipse/winavr-20100110/bin/../lib/gcc/avr/4.3.3/avr5\libgcc.a(_addsub_sf.o) (__epilogue_restores__)
d:/courses/embedded systems/amit/eclipse/winavr-20100110/bin/../lib/gcc/avr/4.3.3/avr5\libgcc.a(_pack_sf.o)
                              d:/courses/embedded systems/amit/eclipse/winavr-20100110/bin/../lib/gcc/avr/4.3.3/avr5\libgcc.a(_addsub_sf.o) (__pack_f)
d:/courses/embedded systems/amit/eclipse/winavr-20100110/bin/../lib/gcc/avr/4.3.3/avr5\libgcc.a(_unpack_sf.o)
                              d:/courses/embedded systems/amit/eclipse/winavr-20100110/bin/../lib/gcc/avr/4.3.3/avr5\libgcc.a(_addsub_sf.o) (__unpack_f)
d:/courses/embedded systems/amit/eclipse/winavr-20100110/bin/../lib/gcc/avr/4.3.3/avr5\libgcc.a(_fpcmp_parts_sf.o)
                              d:/courses/embedded systems/amit/eclipse/winavr-20100110/bin/../lib/gcc/avr/4.3.3/avr5\libgcc.a(_gt_sf.o) (__fpcmp_parts_f)
d:/courses/embedded systems/amit/eclipse/winavr-20100110/bin/../lib/gcc/avr/4.3.3/../../../../avr/lib/avr5\libc.a(strncmp.o)
                              ./main.o (strncmp)

Memory Configuration

Name             Origin             Length             Attributes
text             0x00000000         0x00020000         xr
data             0x00800060         0x0000ffa0         rw !x
eeprom           0x00810000         0x00010000         rw !x
fuse             0x00820000         0x00000400         rw !x
lock             0x00830000         0x00000400         rw !x
signature        0x00840000         0x00000400         rw !x
*default*        0x00000000         0xffffffff

Linker script and memory map

LOAD d:/courses/embedded systems/amit/eclipse/winavr-20100110/bin/../lib/gcc/avr/4.3.3/../../../../avr/lib/avr5/crtm32.o
LOAD ./MCAL/UART/UART_program.o
LOAD ./MCAL/TIMERS/TIMER_Program.o
LOAD ./MCAL/IIC/TWI_Program.o
LOAD ./MCAL/G_INT/GINT_Program.o
LOAD ./MCAL/DIO/DIO_Program.o
LOAD ./MCAL/ADC/ADC_Program.o
LOAD ./HAL/ServoMotor/SM_Program.o
LOAD ./HAL/LED/LED_Program.o
LOAD ./HAL/LCD/LCD_Program.o
LOAD ./HAL/KEYPAD/KEYPAD_Program.o
LOAD ./HAL/EEPROM/EEPROM_Program.o
LOAD ./HAL/DC_MOTOR/DCM_Program.o
LOAD ./main.o
LOAD d:/courses/embedded systems/amit/eclipse/winavr-20100110/bin/../lib/gcc/avr/4.3.3/avr5\libgcc.a
LOAD d:/courses/embedded systems/amit/eclipse/winavr-20100110/bin/../lib/gcc/avr/4.3.3/../../../../avr/lib/avr5\libc.a
LOAD d:/courses/embedded systems/amit/eclipse/winavr-20100110/bin/../lib/gcc/avr/4.3.3/avr5\libgcc.a

.hash
 *(.hash)

.dynsym
 *(.dynsym)

.dynstr
 *(.dynstr)

.gnu.version
 *(.gnu.version)

.gnu.version_d
 *(.gnu.version_d)

.gnu.version_r
 *(.gnu.version_r)

.rel.init
 *(.rel.init)

.rela.init
 *(.rela.init)

.rel.text
 *(.rel.text)
 *(.rel.text.*)
 *(.rel.gnu.linkonce.t*)

.rela.text
 *(.rela.text)
 *(.rela.text.*)
 *(.rela.gnu.linkonce.t*)

.rel.fini
 *(.rel.fini)

.rela.fini
 *(.rela.fini)

.rel.rodata
 *(.rel.rodata)
 *(.rel.rodata.*)
 *(.rel.gnu.linkonce.r*)

.rela.rodata
 *(.rela.rodata)
 *(.rela.rodata.*)
 *(.rela.gnu.linkonce.r*)

.rel.data
 *(.rel.data)
 *(.rel.data.*)
 *(.rel.gnu.linkonce.d*)

.rela.data
 *(.rela.data)
 *(.rela.data.*)
 *(.rela.gnu.linkonce.d*)

.rel.ctors
 *(.rel.ctors)

.rela.ctors
 *(.rela.ctors)

.rel.dtors
 *(.rel.dtors)

.rela.dtors
 *(.rela.dtors)

.rel.got
 *(.rel.got)

.rela.got
 *(.rela.got)

.rel.bss
 *(.rel.bss)

.rela.bss
 *(.rela.bss)

.rel.plt
 *(.rel.plt)

.rela.plt
 *(.rela.plt)

.text           0x00000000     0x5e72
 *(.vectors)
 .vectors       0x00000000       0x54 d:/courses/embedded systems/amit/eclipse/winavr-20100110/bin/../lib/gcc/avr/4.3.3/../../../../avr/lib/avr5/crtm32.o
                0x00000000                __vectors
                0x00000000                __vector_default
 *(.vectors)
 *(.progmem.gcc*)
 *(.progmem*)
                0x00000054                . = ALIGN (0x2)
                0x00000054                __trampolines_start = .
 *(.trampolines)
 .trampolines   0x00000054        0x0 linker stubs
 *(.trampolines*)
                0x00000054                __trampolines_end = .
 *(.jumptables)
 *(.jumptables*)
 *(.lowtext)
 *(.lowtext*)
                0x00000054                __ctors_start = .
 *(.ctors)
                0x00000054                __ctors_end = .
                0x00000054                __dtors_start = .
 *(.dtors)
                0x00000054                __dtors_end = .
 SORT(*)(.ctors)
 SORT(*)(.dtors)
 *(.init0)
 .init0         0x00000054        0x0 d:/courses/embedded systems/amit/eclipse/winavr-20100110/bin/../lib/gcc/avr/4.3.3/../../../../avr/lib/avr5/crtm32.o
                0x00000054                __init
 *(.init0)
 *(.init1)
 *(.init1)
 *(.init2)
 .init2         0x00000054        0xc d:/courses/embedded systems/amit/eclipse/winavr-20100110/bin/../lib/gcc/avr/4.3.3/../../../../avr/lib/avr5/crtm32.o
 *(.init2)
 *(.init3)
 *(.init3)
 *(.init4)
 .init4         0x00000060       0x16 d:/courses/embedded systems/amit/eclipse/winavr-20100110/bin/../lib/gcc/avr/4.3.3/avr5\libgcc.a(_copy_data.o)
                0x00000060                __do_copy_data
 .init4         0x00000076       0x10 d:/courses/embedded systems/amit/eclipse/winavr-20100110/bin/../lib/gcc/avr/4.3.3/avr5\libgcc.a(_clear_bss.o)
                0x00000076                __do_clear_bss
 *(.init4)
 *(.init5)
 *(.init5)
 *(.init6)
 *(.init6)
 *(.init7)
 *(.init7)
 *(.init8)
 *(.init8)
 *(.init9)
 .init9         0x00000086        0x8 d:/courses/embedded systems/amit/eclipse/winavr-20100110/bin/../lib/gcc/avr/4.3.3/../../../../avr/lib/avr5/crtm32.o
 *(.init9)
 *(.text)
 .text          0x0000008e        0x4 d:/courses/embedded systems/amit/eclipse/winavr-20100110/bin/../lib/gcc/avr/4.3.3/../../../../avr/lib/avr5/crtm32.o
                0x0000008e                __vector_1
                0x0000008e                __vector_12
                0x0000008e                __bad_interrupt
                0x0000008e                __vector_6
                0x0000008e                __vector_3
                0x0000008e                __vector_11
                0x0000008e                __vector_13
                0x0000008e                __vector_17
                0x0000008e                __vector_19
                0x0000008e                __vector_7
                0x0000008e                __vector_5
                0x0000008e                __vector_4
                0x0000008e                __vector_9
                0x0000008e                __vector_2
                0x0000008e                __vector_15
                0x0000008e                __vector_8
                0x0000008e                __vector_14
                0x0000008e                __vector_10
                0x0000008e                __vector_16
                0x0000008e                __vector_18
                0x0000008e                __vector_20
 .text          0x00000092        0x0 ./MCAL/UART/UART_program.o
 .text          0x00000092        0x0 ./MCAL/TIMERS/TIMER_Program.o
 .text          0x00000092        0x0 ./MCAL/IIC/TWI_Program.o
 .text          0x00000092        0x0 ./MCAL/G_INT/GINT_Program.o
 .text          0x00000092        0x0 ./MCAL/DIO/DIO_Program.o
 .text          0x00000092        0x0 ./MCAL/ADC/ADC_Program.o
 .text          0x00000092        0x0 ./HAL/ServoMotor/SM_Program.o
 .text          0x00000092        0x0 ./HAL/LED/LED_Program.o
 .text          0x00000092        0x0 ./HAL/LCD/LCD_Program.o
 .text          0x00000092        0x0 ./HAL/KEYPAD/KEYPAD_Program.o
 .text          0x00000092        0x0 ./HAL/EEPROM/EEPROM_Program.o
 .text          0x00000092        0x0 ./HAL/DC_MOTOR/DCM_Program.o
 .text          0x00000092        0x0 ./main.o
 .text          0x00000092        0x0 d:/courses/embedded systems/amit/eclipse/winavr-20100110/bin/../lib/gcc/avr/4.3.3/avr5\libgcc.a(_udivmodqi4.o)
 .text          0x00000092        0x0 d:/courses/embedded systems/amit/eclipse/winavr-20100110/bin/../lib/gcc/avr/4.3.3/avr5\libgcc.a(_udivmodhi4.o)
 .text          0x00000092        0x0 d:/courses/embedded systems/amit/eclipse/winavr-20100110/bin/../lib/gcc/avr/4.3.3/avr5\libgcc.a(_exit.o)
 .text          0x00000092        0x0 d:/courses/embedded systems/amit/eclipse/winavr-20100110/bin/../lib/gcc/avr/4.3.3/avr5\libgcc.a(_copy_data.o)
 .text          0x00000092        0x0 d:/courses/embedded systems/amit/eclipse/winavr-20100110/bin/../lib/gcc/avr/4.3.3/avr5\libgcc.a(_clear_bss.o)
 .text          0x00000092       0x58 d:/courses/embedded systems/amit/eclipse/winavr-20100110/bin/../lib/gcc/avr/4.3.3/avr5\libgcc.a(_fixunssfsi.o)
                0x00000092                __fixunssfsi
 .text          0x000000ea      0x354 d:/courses/embedded systems/amit/eclipse/winavr-20100110/bin/../lib/gcc/avr/4.3.3/avr5\libgcc.a(_addsub_sf.o)
                0x00000382                __subsf3
                0x000003e4                __addsf3
 .text          0x0000043e      0x1f4 d:/courses/embedded systems/amit/eclipse/winavr-20100110/bin/../lib/gcc/avr/4.3.3/avr5\libgcc.a(_mul_sf.o)
                0x0000043e                __mulsf3
 .text          0x00000632       0x60 d:/courses/embedded systems/amit/eclipse/winavr-20100110/bin/../lib/gcc/avr/4.3.3/avr5\libgcc.a(_gt_sf.o)
                0x00000632                __gtsf2
 .text          0x00000692       0x60 d:/courses/embedded systems/amit/eclipse/winavr-20100110/bin/../lib/gcc/avr/4.3.3/avr5\libgcc.a(_ge_sf.o)
                0x00000692                __gesf2
 .text          0x000006f2       0x60 d:/courses/embedded systems/amit/eclipse/winavr-20100110/bin/../lib/gcc/avr/4.3.3/avr5\libgcc.a(_lt_sf.o)
                0x000006f2                __ltsf2
 .text          0x00000752       0xa8 d:/courses/embedded systems/amit/eclipse/winavr-20100110/bin/../lib/gcc/avr/4.3.3/avr5\libgcc.a(_sf_to_si.o)
                0x00000752                __fixsfsi
 .text          0x000007fa        0x0 d:/courses/embedded systems/amit/eclipse/winavr-20100110/bin/../lib/gcc/avr/4.3.3/avr5\libgcc.a(_thenan_sf.o)
 .text          0x000007fa        0x0 d:/courses/embedded systems/amit/eclipse/winavr-20100110/bin/../lib/gcc/avr/4.3.3/avr5\libgcc.a(_prologue.o)
 .text          0x000007fa        0x0 d:/courses/embedded systems/amit/eclipse/winavr-20100110/bin/../lib/gcc/avr/4.3.3/avr5\libgcc.a(_epilogue.o)
 .text          0x000007fa      0x1aa d:/courses/embedded systems/amit/eclipse/winavr-20100110/bin/../lib/gcc/avr/4.3.3/avr5\libgcc.a(_pack_sf.o)
                0x000007fa                __pack_f
 .text          0x000009a4       0xf0 d:/courses/embedded systems/amit/eclipse/winavr-20100110/bin/../lib/gcc/avr/4.3.3/avr5\libgcc.a(_unpack_sf.o)
                0x000009a4                __unpack_f
 .text          0x00000a94       0xb2 d:/courses/embedded systems/amit/eclipse/winavr-20100110/bin/../lib/gcc/avr/4.3.3/avr5\libgcc.a(_fpcmp_parts_sf.o)
                0x00000a94                __fpcmp_parts_f
 .text          0x00000b46        0x0 d:/courses/embedded systems/amit/eclipse/winavr-20100110/bin/../lib/gcc/avr/4.3.3/../../../../avr/lib/avr5\libc.a(strncmp.o)
                0x00000b46                . = ALIGN (0x2)
 *(.text.*)
 .text.UART_init
                0x00000b46       0xbe ./MCAL/UART/UART_program.o
                0x00000b46                UART_init
 .text.UART_transmit
                0x00000c04       0x34 ./MCAL/UART/UART_program.o
                0x00000c04                UART_transmit
 .text.UART_receive
                0x00000c38       0x1e ./MCAL/UART/UART_program.o
                0x00000c38                UART_receive
 .text.UART_transmit_string
                0x00000c56       0x38 ./MCAL/UART/UART_program.o
                0x00000c56                UART_transmit_string
 .text.UART_receiveString
                0x00000c8e       0x26 ./MCAL/UART/UART_program.o
                0x00000c8e                UART_receiveString
 .text.TIMER0_initNormal
                0x00000cb4      0x110 ./MCAL/TIMERS/TIMER_Program.o
                0x00000cb4                TIMER0_initNormal
 .text.TIMER0_initCTC
                0x00000dc4      0x11e ./MCAL/TIMERS/TIMER_Program.o
                0x00000dc4                TIMER0_initCTC
 .text.TIMER0_initFastPWM
                0x00000ee2       0xe8 ./MCAL/TIMERS/TIMER_Program.o
                0x00000ee2                TIMER0_initFastPWM
 .text.TIMER0_initPCPWM
                0x00000fca       0xe8 ./MCAL/TIMERS/TIMER_Program.o
                0x00000fca                TIMER0_initPCPWM
 .text.TIMER0_readValue
                0x000010b2       0x3a ./MCAL/TIMERS/TIMER_Program.o
                0x000010b2                TIMER0_readValue
 .text.TIMER0_startTimer
                0x000010ec       0x44 ./MCAL/TIMERS/TIMER_Program.o
                0x000010ec                TIMER0_startTimer
 .text.TIMER0_stopTimer
                0x00001130       0x32 ./MCAL/TIMERS/TIMER_Program.o
                0x00001130                TIMER0_stopTimer
 .text.TIMER1_initNormal
                0x00001162      0x20c ./MCAL/TIMERS/TIMER_Program.o
                0x00001162                TIMER1_initNormal
 .text.TIMER1_initCTC_OCR1A
                0x0000136e      0x142 ./MCAL/TIMERS/TIMER_Program.o
                0x0000136e                TIMER1_initCTC_OCR1A
 .text.TIMER1_initCTC_ICR1
                0x000014b0      0x244 ./MCAL/TIMERS/TIMER_Program.o
                0x000014b0                TIMER1_initCTC_ICR1
 .text.TIMER1_initFastPWM8bit
                0x000016f4      0x22c ./MCAL/TIMERS/TIMER_Program.o
                0x000016f4                TIMER1_initFastPWM8bit
 .text.TIMER1_initFastPWM9bit
                0x00001920      0x248 ./MCAL/TIMERS/TIMER_Program.o
                0x00001920                TIMER1_initFastPWM9bit
 .text.TIMER1_initFastPWM10bit
                0x00001b68      0x248 ./MCAL/TIMERS/TIMER_Program.o
                0x00001b68                TIMER1_initFastPWM10bit
 .text.TIMER1_initFastPWM_ICR1
                0x00001db0      0x244 ./MCAL/TIMERS/TIMER_Program.o
                0x00001db0                TIMER1_initFastPWM_ICR1
 .text.TIMER1_initFastPWM_OCR1A
                0x00001ff4      0x142 ./MCAL/TIMERS/TIMER_Program.o
                0x00001ff4                TIMER1_initFastPWM_OCR1A
 .text.TIMER1_initPCPWM8bit
                0x00002136      0x22c ./MCAL/TIMERS/TIMER_Program.o
                0x00002136                TIMER1_initPCPWM8bit
 .text.TIMER1_initPCPWM9bit
                0x00002362      0x248 ./MCAL/TIMERS/TIMER_Program.o
                0x00002362                TIMER1_initPCPWM9bit
 .text.TIMER1_initPCPWM10bit
                0x000025aa      0x248 ./MCAL/TIMERS/TIMER_Program.o
                0x000025aa                TIMER1_initPCPWM10bit
 .text.TIMER1_initPCPWM_ICR1
                0x000027f2      0x264 ./MCAL/TIMERS/TIMER_Program.o
                0x000027f2                TIMER1_initPCPWM_ICR1
 .text.TIMER1_initPCPWM_OCR1A
                0x00002a56      0x144 ./MCAL/TIMERS/TIMER_Program.o
                0x00002a56                TIMER1_initPCPWM_OCR1A
 .text.TIMER1_initPFCPWM_ICR1
                0x00002b9a      0x264 ./MCAL/TIMERS/TIMER_Program.o
                0x00002b9a                TIMER1_initPFCPWM_ICR1
 .text.TIMER1_initPFCPWM_OCR1A
                0x00002dfe      0x144 ./MCAL/TIMERS/TIMER_Program.o
                0x00002dfe                TIMER1_initPFCPWM_OCR1A
 .text.TIMER1_readValue
                0x00002f42       0x3e ./MCAL/TIMERS/TIMER_Program.o
                0x00002f42                TIMER1_readValue
 .text.TIMER1_startTimer
                0x00002f80       0x44 ./MCAL/TIMERS/TIMER_Program.o
                0x00002f80                TIMER1_startTimer
 .text.TIMER1_stopTimer
                0x00002fc4       0x32 ./MCAL/TIMERS/TIMER_Program.o
                0x00002fc4                TIMER1_stopTimer
 .text.TIMER2_initNormal
                0x00002ff6      0x110 ./MCAL/TIMERS/TIMER_Program.o
                0x00002ff6                TIMER2_initNormal
 .text.TIMER2_initCTC
                0x00003106      0x11e ./MCAL/TIMERS/TIMER_Program.o
                0x00003106                TIMER2_initCTC
 .text.TIMER2_initFastPWM
                0x00003224       0xe8 ./MCAL/TIMERS/TIMER_Program.o
                0x00003224                TIMER2_initFastPWM
 .text.TIMER2_initPCPWM
                0x0000330c       0xe8 ./MCAL/TIMERS/TIMER_Program.o
                0x0000330c                TIMER2_initPCPWM
 .text.TIMER2_readValue
                0x000033f4       0x3a ./MCAL/TIMERS/TIMER_Program.o
                0x000033f4                TIMER2_readValue
 .text.TIMER2_startTimer
                0x0000342e       0x44 ./MCAL/TIMERS/TIMER_Program.o
                0x0000342e                TIMER2_startTimer
 .text.TIMER2_stopTimer
                0x00003472       0x32 ./MCAL/TIMERS/TIMER_Program.o
                0x00003472                TIMER2_stopTimer
 .text.TWI_InitMaster
                0x000034a4       0x64 ./MCAL/IIC/TWI_Program.o
                0x000034a4                TWI_InitMaster
 .text.TWI_InitSlave
                0x00003508       0x3a ./MCAL/IIC/TWI_Program.o
                0x00003508                TWI_InitSlave
 .text.TWI_SendStartCondition
                0x00003542       0x54 ./MCAL/IIC/TWI_Program.o
                0x00003542                TWI_SendStartCondition
 .text.TWI_SendRepeatedStart
                0x00003596       0x54 ./MCAL/IIC/TWI_Program.o
                0x00003596                TWI_SendRepeatedStart
 .text.TWI_SendSlaveAddressWithWrite
                0x000035ea       0x70 ./MCAL/IIC/TWI_Program.o
                0x000035ea                TWI_SendSlaveAddressWithWrite
 .text.TWI_SendSlaveAddressWithRead
                0x0000365a       0x70 ./MCAL/IIC/TWI_Program.o
                0x0000365a                TWI_SendSlaveAddressWithRead
 .text.TWI_MasterWriteDataByte
                0x000036ca       0x52 ./MCAL/IIC/TWI_Program.o
                0x000036ca                TWI_MasterWriteDataByte
 .text.TWI_MasterReadDataByte
                0x0000371c       0x5e ./MCAL/IIC/TWI_Program.o
                0x0000371c                TWI_MasterReadDataByte
 .text.TWI_SendStopCondition
                0x0000377a       0x38 ./MCAL/IIC/TWI_Program.o
                0x0000377a                TWI_SendStopCondition
 .text.DisableAck
                0x000037b2       0x1c ./MCAL/IIC/TWI_Program.o
                0x000037b2                DisableAck
 .text.EnableAck
                0x000037ce       0x1c ./MCAL/IIC/TWI_Program.o
                0x000037ce                EnableAck
 .text.DIO_portsInit
                0x000037ea       0x46 ./MCAL/DIO/DIO_Program.o
                0x000037ea                DIO_portsInit
 .text.DIO_setPinDirection
                0x00003830      0x21e ./MCAL/DIO/DIO_Program.o
                0x00003830                DIO_setPinDirection
 .text.DIO_setPinValue
                0x00003a4e      0x21e ./MCAL/DIO/DIO_Program.o
                0x00003a4e                DIO_setPinValue
 .text.DIO_readPinValue
                0x00003c6c      0x12e ./MCAL/DIO/DIO_Program.o
                0x00003c6c                DIO_readPinValue
 .text.DIO_setIntPullUpRes
                0x00003d9a       0x40 ./MCAL/DIO/DIO_Program.o
                0x00003d9a                DIO_setIntPullUpRes
 .text.DIO_togglePin
                0x00003dda      0x114 ./MCAL/DIO/DIO_Program.o
                0x00003dda                DIO_togglePin
 .text.DIO_setPortDirection
                0x00003eee       0x9c ./MCAL/DIO/DIO_Program.o
                0x00003eee                DIO_setPortDirection
 .text.DIO_setPortValue
                0x00003f8a       0x90 ./MCAL/DIO/DIO_Program.o
                0x00003f8a                DIO_setPortValue
 .text.DIO_ReadPortValue
                0x0000401a       0xb4 ./MCAL/DIO/DIO_Program.o
                0x0000401a                DIO_ReadPortValue
 .text.DIO_togglePort
                0x000040ce       0xa2 ./MCAL/DIO/DIO_Program.o
                0x000040ce                DIO_togglePort
 .text.MAP      0x00004170       0xa6 ./HAL/ServoMotor/SM_Program.o
                0x00004170                MAP
 .text.SM_rotateAngle
                0x00004216       0x6e ./HAL/ServoMotor/SM_Program.o
                0x00004216                SM_rotateAngle
 .text.LED_turnOn
                0x00004284       0x2e ./HAL/LED/LED_Program.o
                0x00004284                LED_turnOn
 .text.LED_turnOff
                0x000042b2       0x2e ./HAL/LED/LED_Program.o
                0x000042b2                LED_turnOff
 .text.LED_toggle
                0x000042e0       0x2c ./HAL/LED/LED_Program.o
                0x000042e0                LED_toggle
 .text.LCD_init8bit
                0x0000430c       0x34 ./HAL/LCD/LCD_Program.o
                0x0000430c                LCD_init8bit
 .text.LCD_init4bit
                0x00004340       0x54 ./HAL/LCD/LCD_Program.o
                0x00004340                LCD_init4bit
 .text.LCD_sendCommand_8bit
                0x00004394      0x14c ./HAL/LCD/LCD_Program.o
                0x00004394                LCD_sendCommand_8bit
 .text.LCD_sendData_8bit
                0x000044e0      0x14c ./HAL/LCD/LCD_Program.o
                0x000044e0                LCD_sendData_8bit
 .text.LCD_init_8bit
                0x0000462c      0x170 ./HAL/LCD/LCD_Program.o
                0x0000462c                LCD_init_8bit
 .text.LCD_sendDataAtAddress_8bit
                0x0000479c       0x7e ./HAL/LCD/LCD_Program.o
                0x0000479c                LCD_sendDataAtAddress_8bit
 .text.LCD_sendString_8bit
                0x0000481a       0x44 ./HAL/LCD/LCD_Program.o
                0x0000481a                LCD_sendString_8bit
 .text.LCD_sendStringAtAddress_8bit
                0x0000485e       0x88 ./HAL/LCD/LCD_Program.o
                0x0000485e                LCD_sendStringAtAddress_8bit
 .text.LCD_sendCommand_4bit
                0x000048e6      0x252 ./HAL/LCD/LCD_Program.o
                0x000048e6                LCD_sendCommand_4bit
 .text.LCD_sendData_4bit
                0x00004b38      0x252 ./HAL/LCD/LCD_Program.o
                0x00004b38                LCD_sendData_4bit
 .text.LCD_init_4bit
                0x00004d8a      0x194 ./HAL/LCD/LCD_Program.o
                0x00004d8a                LCD_init_4bit
 .text.LCD_sendDataAtAddress_4bit
                0x00004f1e       0x7e ./HAL/LCD/LCD_Program.o
                0x00004f1e                LCD_sendDataAtAddress_4bit
 .text.LCD_sendString_4bit
                0x00004f9c       0x44 ./HAL/LCD/LCD_Program.o
                0x00004f9c                LCD_sendString_4bit
 .text.LCD_sendStringAtAddress_4bit
                0x00004fe0       0x88 ./HAL/LCD/LCD_Program.o
                0x00004fe0                LCD_sendStringAtAddress_4bit
 .text.LCD_sendNumber_4Bit
                0x00005068       0x24 ./HAL/LCD/LCD_Program.o
                0x00005068                LCD_sendNumber_4Bit
 .text.LCD_sendNumberAtAddress_4Bit
                0x0000508c       0x34 ./HAL/LCD/LCD_Program.o
                0x0000508c                LCD_sendNumberAtAddress_4Bit
 .text.LCD_clearDisplay_4bit
                0x000050c0       0x2e ./HAL/LCD/LCD_Program.o
                0x000050c0                LCD_clearDisplay_4bit
 .text.LCD_setCursorAt_4bit
                0x000050ee       0x6e ./HAL/LCD/LCD_Program.o
                0x000050ee                LCD_setCursorAt_4bit
 .text.DIO_set4bitsValue
                0x0000515c       0x70 ./HAL/LCD/LCD_Program.o
 .text.convertNumToString
                0x000051cc       0x50 ./HAL/LCD/LCD_Program.o
 .text.KEYPAD_init
                0x0000521c       0x74 ./HAL/KEYPAD/KEYPAD_Program.o
                0x0000521c                KEYPAD_init
 .text.KEYPAD_getValue
                0x00005290       0xf4 ./HAL/KEYPAD/KEYPAD_Program.o
                0x00005290                KEYPAD_getValue
 .text.KEYPAD_getString
                0x00005384       0x52 ./HAL/KEYPAD/KEYPAD_Program.o
                0x00005384                KEYPAD_getString
 .text.EEPROM_INIT
                0x000053d6       0x14 ./HAL/EEPROM/EEPROM_Program.o
                0x000053d6                EEPROM_INIT
 .text.EEPROM_voidSendDataByte
                0x000053ea      0x136 ./HAL/EEPROM/EEPROM_Program.o
                0x000053ea                EEPROM_voidSendDataByte
 .text.EEPROM_uint8ReadDataByte
                0x00005520       0x52 ./HAL/EEPROM/EEPROM_Program.o
                0x00005520                EEPROM_uint8ReadDataByte
 .text.EEPROM_voidSend4Numbers
                0x00005572       0x80 ./HAL/EEPROM/EEPROM_Program.o
                0x00005572                EEPROM_voidSend4Numbers
 .text.EEPROM_voidRead4Numbers
                0x000055f2       0x88 ./HAL/EEPROM/EEPROM_Program.o
                0x000055f2                EEPROM_voidRead4Numbers
 .text.EEPROM_voidRemoveUser
                0x0000567a       0x50 ./HAL/EEPROM/EEPROM_Program.o
                0x0000567a                EEPROM_voidRemoveUser
 .text.EEPROM_voidSendString
                0x000056ca       0x54 ./HAL/EEPROM/EEPROM_Program.o
                0x000056ca                EEPROM_voidSendString
 .text.DCM_turnOn
                0x0000571e       0x2e ./HAL/DC_MOTOR/DCM_Program.o
                0x0000571e                DCM_turnOn
 .text.DCM_turnOff
                0x0000574c       0x2e ./HAL/DC_MOTOR/DCM_Program.o
                0x0000574c                DCM_turnOff
 .text.main     0x0000577a       0x12 ./main.o
                0x0000577a                main
 .text.systemInit
                0x0000578c       0x1a ./main.o
                0x0000578c                systemInit
 .text.loginToSystem
                0x000057a6      0x18a ./main.o
                0x000057a6                loginToSystem
 .text.adminLogIn
                0x00005930      0x17a ./main.o
 .text.userLogIn
                0x00005aaa       0x9a ./main.o
 .text.registerPassWord
                0x00005b44       0x86 ./main.o
 .text.checkPassword
                0x00005bca      0x140 ./main.o
 .text.checkUserID
                0x00005d0a       0x80 ./main.o
 .text.checkUserPassword
                0x00005d8a       0x1a ./main.o
 .text.libgcc   0x00005da4       0x18 d:/courses/embedded systems/amit/eclipse/winavr-20100110/bin/../lib/gcc/avr/4.3.3/avr5\libgcc.a(_udivmodqi4.o)
                0x00005da4                __udivmodqi4
 .text.libgcc   0x00005dbc       0x28 d:/courses/embedded systems/amit/eclipse/winavr-20100110/bin/../lib/gcc/avr/4.3.3/avr5\libgcc.a(_udivmodhi4.o)
                0x00005dbc                __udivmodhi4
 .text.libgcc   0x00005de4        0x0 d:/courses/embedded systems/amit/eclipse/winavr-20100110/bin/../lib/gcc/avr/4.3.3/avr5\libgcc.a(_exit.o)
 .text.libgcc   0x00005de4        0x0 d:/courses/embedded systems/amit/eclipse/winavr-20100110/bin/../lib/gcc/avr/4.3.3/avr5\libgcc.a(_copy_data.o)
 .text.libgcc   0x00005de4        0x0 d:/courses/embedded systems/amit/eclipse/winavr-20100110/bin/../lib/gcc/avr/4.3.3/avr5\libgcc.a(_clear_bss.o)
 .text.libgcc   0x00005de4       0x38 d:/courses/embedded systems/amit/eclipse/winavr-20100110/bin/../lib/gcc/avr/4.3.3/avr5\libgcc.a(_prologue.o)
                0x00005de4                __prologue_saves__
 .text.libgcc   0x00005e1c       0x36 d:/courses/embedded systems/amit/eclipse/winavr-20100110/bin/../lib/gcc/avr/4.3.3/avr5\libgcc.a(_epilogue.o)
                0x00005e1c                __epilogue_restores__
 .text.avr-libc
                0x00005e52       0x1c d:/courses/embedded systems/amit/eclipse/winavr-20100110/bin/../lib/gcc/avr/4.3.3/../../../../avr/lib/avr5\libc.a(strncmp.o)
                0x00005e52                strncmp
                0x00005e6e                . = ALIGN (0x2)
 *(.fini9)
 .fini9         0x00005e6e        0x0 d:/courses/embedded systems/amit/eclipse/winavr-20100110/bin/../lib/gcc/avr/4.3.3/avr5\libgcc.a(_exit.o)
                0x00005e6e                exit
                0x00005e6e                _exit
 *(.fini9)
 *(.fini8)
 *(.fini8)
 *(.fini7)
 *(.fini7)
 *(.fini6)
 *(.fini6)
 *(.fini5)
 *(.fini5)
 *(.fini4)
 *(.fini4)
 *(.fini3)
 *(.fini3)
 *(.fini2)
 *(.fini2)
 *(.fini1)
 *(.fini1)
 *(.fini0)
 .fini0         0x00005e6e        0x4 d:/courses/embedded systems/amit/eclipse/winavr-20100110/bin/../lib/gcc/avr/4.3.3/avr5\libgcc.a(_exit.o)
 *(.fini0)
                0x00005e72                _etext = .

.data           0x00800060       0x9e load address 0x00005e72
                0x00800060                PROVIDE (__data_start, .)
 *(.data)
 .data          0x00800060        0x0 d:/courses/embedded systems/amit/eclipse/winavr-20100110/bin/../lib/gcc/avr/4.3.3/../../../../avr/lib/avr5/crtm32.o
 .data          0x00800060        0x0 ./MCAL/UART/UART_program.o
 .data          0x00800060        0x0 ./MCAL/TIMERS/TIMER_Program.o
 .data          0x00800060        0x0 ./MCAL/IIC/TWI_Program.o
 .data          0x00800060        0x0 ./MCAL/G_INT/GINT_Program.o
 .data          0x00800060        0x0 ./MCAL/DIO/DIO_Program.o
 .data          0x00800060        0x0 ./MCAL/ADC/ADC_Program.o
 .data          0x00800060        0x0 ./HAL/ServoMotor/SM_Program.o
 .data          0x00800060        0x0 ./HAL/LED/LED_Program.o
 .data          0x00800060        0x0 ./HAL/LCD/LCD_Program.o
 .data          0x00800060        0x0 ./HAL/KEYPAD/KEYPAD_Program.o
 .data          0x00800060        0x0 ./HAL/EEPROM/EEPROM_Program.o
 .data          0x00800060        0x0 ./HAL/DC_MOTOR/DCM_Program.o
 .data          0x00800060       0x7a ./main.o
 .data          0x008000da        0x0 d:/courses/embedded systems/amit/eclipse/winavr-20100110/bin/../lib/gcc/avr/4.3.3/avr5\libgcc.a(_udivmodqi4.o)
 .data          0x008000da        0x0 d:/courses/embedded systems/amit/eclipse/winavr-20100110/bin/../lib/gcc/avr/4.3.3/avr5\libgcc.a(_udivmodhi4.o)
 .data          0x008000da        0x0 d:/courses/embedded systems/amit/eclipse/winavr-20100110/bin/../lib/gcc/avr/4.3.3/avr5\libgcc.a(_exit.o)
 .data          0x008000da        0x0 d:/courses/embedded systems/amit/eclipse/winavr-20100110/bin/../lib/gcc/avr/4.3.3/avr5\libgcc.a(_copy_data.o)
 .data          0x008000da        0x0 d:/courses/embedded systems/amit/eclipse/winavr-20100110/bin/../lib/gcc/avr/4.3.3/avr5\libgcc.a(_clear_bss.o)
 .data          0x008000da        0x0 d:/courses/embedded systems/amit/eclipse/winavr-20100110/bin/../lib/gcc/avr/4.3.3/avr5\libgcc.a(_fixunssfsi.o)
 .data          0x008000da        0x0 d:/courses/embedded systems/amit/eclipse/winavr-20100110/bin/../lib/gcc/avr/4.3.3/avr5\libgcc.a(_addsub_sf.o)
 .data          0x008000da        0x0 d:/courses/embedded systems/amit/eclipse/winavr-20100110/bin/../lib/gcc/avr/4.3.3/avr5\libgcc.a(_mul_sf.o)
 .data          0x008000da        0x0 d:/courses/embedded systems/amit/eclipse/winavr-20100110/bin/../lib/gcc/avr/4.3.3/avr5\libgcc.a(_gt_sf.o)
 .data          0x008000da        0x0 d:/courses/embedded systems/amit/eclipse/winavr-20100110/bin/../lib/gcc/avr/4.3.3/avr5\libgcc.a(_ge_sf.o)
 .data          0x008000da        0x0 d:/courses/embedded systems/amit/eclipse/winavr-20100110/bin/../lib/gcc/avr/4.3.3/avr5\libgcc.a(_lt_sf.o)
 .data          0x008000da        0x0 d:/courses/embedded systems/amit/eclipse/winavr-20100110/bin/../lib/gcc/avr/4.3.3/avr5\libgcc.a(_sf_to_si.o)
 .data          0x008000da        0x8 d:/courses/embedded systems/amit/eclipse/winavr-20100110/bin/../lib/gcc/avr/4.3.3/avr5\libgcc.a(_thenan_sf.o)
                0x008000da                __thenan_sf
 .data          0x008000e2        0x0 d:/courses/embedded systems/amit/eclipse/winavr-20100110/bin/../lib/gcc/avr/4.3.3/avr5\libgcc.a(_prologue.o)
 .data          0x008000e2        0x0 d:/courses/embedded systems/amit/eclipse/winavr-20100110/bin/../lib/gcc/avr/4.3.3/avr5\libgcc.a(_epilogue.o)
 .data          0x008000e2        0x0 d:/courses/embedded systems/amit/eclipse/winavr-20100110/bin/../lib/gcc/avr/4.3.3/avr5\libgcc.a(_pack_sf.o)
 .data          0x008000e2        0x0 d:/courses/embedded systems/amit/eclipse/winavr-20100110/bin/../lib/gcc/avr/4.3.3/avr5\libgcc.a(_unpack_sf.o)
 .data          0x008000e2        0x0 d:/courses/embedded systems/amit/eclipse/winavr-20100110/bin/../lib/gcc/avr/4.3.3/avr5\libgcc.a(_fpcmp_parts_sf.o)
 .data          0x008000e2        0x0 d:/courses/embedded systems/amit/eclipse/winavr-20100110/bin/../lib/gcc/avr/4.3.3/../../../../avr/lib/avr5\libc.a(strncmp.o)
 *(.data*)
 .data.string   0x008000e2        0x3 ./HAL/LCD/LCD_Program.o
 .data.buttonsArray
                0x008000e5       0x10 ./HAL/KEYPAD/KEYPAD_Program.o
 .data.rowPins  0x008000f5        0x4 ./HAL/KEYPAD/KEYPAD_Program.o
 .data.colPins  0x008000f9        0x4 ./HAL/KEYPAD/KEYPAD_Program.o
 *(.rodata)
 *(.rodata*)
 *(.gnu.linkonce.d*)
                0x008000fe                . = ALIGN (0x2)
 *fill*         0x008000fd        0x1 00
                0x008000fe                _edata = .
                0x008000fe                PROVIDE (__data_end, .)

.bss            0x008000fe       0x10
                0x008000fe                PROVIDE (__bss_start, .)
 *(.bss)
 .bss           0x008000fe        0x0 d:/courses/embedded systems/amit/eclipse/winavr-20100110/bin/../lib/gcc/avr/4.3.3/../../../../avr/lib/avr5/crtm32.o
 .bss           0x008000fe        0x0 ./MCAL/UART/UART_program.o
 .bss           0x008000fe        0x0 ./MCAL/TIMERS/TIMER_Program.o
 .bss           0x008000fe        0x0 ./MCAL/IIC/TWI_Program.o
 .bss           0x008000fe        0x0 ./MCAL/G_INT/GINT_Program.o
 .bss           0x008000fe        0x0 ./MCAL/DIO/DIO_Program.o
 .bss           0x008000fe        0x0 ./MCAL/ADC/ADC_Program.o
 .bss           0x008000fe        0x0 ./HAL/ServoMotor/SM_Program.o
 .bss           0x008000fe        0x0 ./HAL/LED/LED_Program.o
 .bss           0x008000fe        0x0 ./HAL/LCD/LCD_Program.o
 .bss           0x008000fe        0x0 ./HAL/KEYPAD/KEYPAD_Program.o
 .bss           0x008000fe        0x0 ./HAL/EEPROM/EEPROM_Program.o
 .bss           0x008000fe        0x0 ./HAL/DC_MOTOR/DCM_Program.o
 .bss           0x008000fe        0x0 ./main.o
 .bss           0x008000fe        0x0 d:/courses/embedded systems/amit/eclipse/winavr-20100110/bin/../lib/gcc/avr/4.3.3/avr5\libgcc.a(_udivmodqi4.o)
 .bss           0x008000fe        0x0 d:/courses/embedded systems/amit/eclipse/winavr-20100110/bin/../lib/gcc/avr/4.3.3/avr5\libgcc.a(_udivmodhi4.o)
 .bss           0x008000fe        0x0 d:/courses/embedded systems/amit/eclipse/winavr-20100110/bin/../lib/gcc/avr/4.3.3/avr5\libgcc.a(_exit.o)
 .bss           0x008000fe        0x0 d:/courses/embedded systems/amit/eclipse/winavr-20100110/bin/../lib/gcc/avr/4.3.3/avr5\libgcc.a(_copy_data.o)
 .bss           0x008000fe        0x0 d:/courses/embedded systems/amit/eclipse/winavr-20100110/bin/../lib/gcc/avr/4.3.3/avr5\libgcc.a(_clear_bss.o)
 .bss           0x008000fe        0x0 d:/courses/embedded systems/amit/eclipse/winavr-20100110/bin/../lib/gcc/avr/4.3.3/avr5\libgcc.a(_fixunssfsi.o)
 .bss           0x008000fe        0x0 d:/courses/embedded systems/amit/eclipse/winavr-20100110/bin/../lib/gcc/avr/4.3.3/avr5\libgcc.a(_addsub_sf.o)
 .bss           0x008000fe        0x0 d:/courses/embedded systems/amit/eclipse/winavr-20100110/bin/../lib/gcc/avr/4.3.3/avr5\libgcc.a(_mul_sf.o)
 .bss           0x008000fe        0x0 d:/courses/embedded systems/amit/eclipse/winavr-20100110/bin/../lib/gcc/avr/4.3.3/avr5\libgcc.a(_gt_sf.o)
 .bss           0x008000fe        0x0 d:/courses/embedded systems/amit/eclipse/winavr-20100110/bin/../lib/gcc/avr/4.3.3/avr5\libgcc.a(_ge_sf.o)
 .bss           0x008000fe        0x0 d:/courses/embedded systems/amit/eclipse/winavr-20100110/bin/../lib/gcc/avr/4.3.3/avr5\libgcc.a(_lt_sf.o)
 .bss           0x008000fe        0x0 d:/courses/embedded systems/amit/eclipse/winavr-20100110/bin/../lib/gcc/avr/4.3.3/avr5\libgcc.a(_sf_to_si.o)
 .bss           0x008000fe        0x0 d:/courses/embedded systems/amit/eclipse/winavr-20100110/bin/../lib/gcc/avr/4.3.3/avr5\libgcc.a(_thenan_sf.o)
 .bss           0x008000fe        0x0 d:/courses/embedded systems/amit/eclipse/winavr-20100110/bin/../lib/gcc/avr/4.3.3/avr5\libgcc.a(_prologue.o)
 .bss           0x008000fe        0x0 d:/courses/embedded systems/amit/eclipse/winavr-20100110/bin/../lib/gcc/avr/4.3.3/avr5\libgcc.a(_epilogue.o)
 .bss           0x008000fe        0x0 d:/courses/embedded systems/amit/eclipse/winavr-20100110/bin/../lib/gcc/avr/4.3.3/avr5\libgcc.a(_pack_sf.o)
 .bss           0x008000fe        0x0 d:/courses/embedded systems/amit/eclipse/winavr-20100110/bin/../lib/gcc/avr/4.3.3/avr5\libgcc.a(_unpack_sf.o)
 .bss           0x008000fe        0x0 d:/courses/embedded systems/amit/eclipse/winavr-20100110/bin/../lib/gcc/avr/4.3.3/avr5\libgcc.a(_fpcmp_parts_sf.o)
 .bss           0x008000fe        0x0 d:/courses/embedded systems/amit/eclipse/winavr-20100110/bin/../lib/gcc/avr/4.3.3/../../../../avr/lib/avr5\libc.a(strncmp.o)
 *(.bss*)
 .bss.ID        0x008000fe        0x3 ./main.o
                0x008000fe                ID
 .bss.savedID   0x00800101        0x3 ./main.o
                0x00800101                savedID
 .bss.password  0x00800104        0x4 ./main.o
                0x00800104                password
 .bss.savedPassword
                0x00800108        0x4 ./main.o
                0x00800108                savedPassword
 .bss.usersNum  0x0080010c        0x1 ./main.o
 .bss.selector.1495
                0x0080010d        0x1 ./main.o
 *(COMMON)
                0x0080010e                PROVIDE (__bss_end, .)
                0x00005e72                __data_load_start = LOADADDR (.data)
                0x00005f10                __data_load_end = (__data_load_start + SIZEOF (.data))

.noinit         0x0080010e        0x0
                0x0080010e                PROVIDE (__noinit_start, .)
 *(.noinit*)
                0x0080010e                PROVIDE (__noinit_end, .)
                0x0080010e                _end = .
                0x0080010e                PROVIDE (__heap_start, .)

.eeprom         0x00810000        0x0
 *(.eeprom*)
                0x00810000                __eeprom_end = .

.fuse
 *(.fuse)
 *(.lfuse)
 *(.hfuse)
 *(.efuse)

.lock
 *(.lock*)

.signature
 *(.signature*)

.stab
 *(.stab)

.stabstr
 *(.stabstr)

.stab.excl
 *(.stab.excl)

.stab.exclstr
 *(.stab.exclstr)

.stab.index
 *(.stab.index)

.stab.indexstr
 *(.stab.indexstr)

.comment
 *(.comment)

.debug
 *(.debug)

.line
 *(.line)

.debug_srcinfo
 *(.debug_srcinfo)

.debug_sfnames
 *(.debug_sfnames)

.debug_aranges  0x00000000      0x588
 *(.debug_aranges)
 .debug_aranges
                0x00000000       0x40 ./MCAL/UART/UART_program.o
 .debug_aranges
                0x00000040      0x118 ./MCAL/TIMERS/TIMER_Program.o
 .debug_aranges
                0x00000158       0x70 ./MCAL/IIC/TWI_Program.o
 .debug_aranges
                0x000001c8       0x68 ./MCAL/DIO/DIO_Program.o
 .debug_aranges
                0x00000230       0x28 ./HAL/ServoMotor/SM_Program.o
 .debug_aranges
                0x00000258       0x30 ./HAL/LED/LED_Program.o
 .debug_aranges
                0x00000288       0xb8 ./HAL/LCD/LCD_Program.o
 .debug_aranges
                0x00000340       0x30 ./HAL/KEYPAD/KEYPAD_Program.o
 .debug_aranges
                0x00000370       0x50 ./HAL/EEPROM/EEPROM_Program.o
 .debug_aranges
                0x000003c0       0x28 ./HAL/DC_MOTOR/DCM_Program.o
 .debug_aranges
                0x000003e8       0x60 ./main.o
 .debug_aranges
                0x00000448       0x20 d:/courses/embedded systems/amit/eclipse/winavr-20100110/bin/../lib/gcc/avr/4.3.3/avr5\libgcc.a(_fixunssfsi.o)
 .debug_aranges
                0x00000468       0x20 d:/courses/embedded systems/amit/eclipse/winavr-20100110/bin/../lib/gcc/avr/4.3.3/avr5\libgcc.a(_addsub_sf.o)
 .debug_aranges
                0x00000488       0x20 d:/courses/embedded systems/amit/eclipse/winavr-20100110/bin/../lib/gcc/avr/4.3.3/avr5\libgcc.a(_mul_sf.o)
 .debug_aranges
                0x000004a8       0x20 d:/courses/embedded systems/amit/eclipse/winavr-20100110/bin/../lib/gcc/avr/4.3.3/avr5\libgcc.a(_gt_sf.o)
 .debug_aranges
                0x000004c8       0x20 d:/courses/embedded systems/amit/eclipse/winavr-20100110/bin/../lib/gcc/avr/4.3.3/avr5\libgcc.a(_ge_sf.o)
 .debug_aranges
                0x000004e8       0x20 d:/courses/embedded systems/amit/eclipse/winavr-20100110/bin/../lib/gcc/avr/4.3.3/avr5\libgcc.a(_lt_sf.o)
 .debug_aranges
                0x00000508       0x20 d:/courses/embedded systems/amit/eclipse/winavr-20100110/bin/../lib/gcc/avr/4.3.3/avr5\libgcc.a(_sf_to_si.o)
 .debug_aranges
                0x00000528       0x20 d:/courses/embedded systems/amit/eclipse/winavr-20100110/bin/../lib/gcc/avr/4.3.3/avr5\libgcc.a(_pack_sf.o)
 .debug_aranges
                0x00000548       0x20 d:/courses/embedded systems/amit/eclipse/winavr-20100110/bin/../lib/gcc/avr/4.3.3/avr5\libgcc.a(_unpack_sf.o)
 .debug_aranges
                0x00000568       0x20 d:/courses/embedded systems/amit/eclipse/winavr-20100110/bin/../lib/gcc/avr/4.3.3/avr5\libgcc.a(_fpcmp_parts_sf.o)

.debug_pubnames
                0x00000000      0xadc
 *(.debug_pubnames)
 .debug_pubnames
                0x00000000       0x73 ./MCAL/UART/UART_program.o
 .debug_pubnames
                0x00000073      0x306 ./MCAL/TIMERS/TIMER_Program.o
 .debug_pubnames
                0x00000379      0x11d ./MCAL/IIC/TWI_Program.o
 .debug_pubnames
                0x00000496       0xe6 ./MCAL/DIO/DIO_Program.o
 .debug_pubnames
                0x0000057c       0x2d ./HAL/ServoMotor/SM_Program.o
 .debug_pubnames
                0x000005a9       0x40 ./HAL/LED/LED_Program.o
 .debug_pubnames
                0x000005e9      0x1d2 ./HAL/LCD/LCD_Program.o
 .debug_pubnames
                0x000007bb       0x4b ./HAL/KEYPAD/KEYPAD_Program.o
 .debug_pubnames
                0x00000806       0xc7 ./HAL/EEPROM/EEPROM_Program.o
 .debug_pubnames
                0x000008cd       0x31 ./HAL/DC_MOTOR/DCM_Program.o
 .debug_pubnames
                0x000008fe       0x6e ./main.o
 .debug_pubnames
                0x0000096c       0x23 d:/courses/embedded systems/amit/eclipse/winavr-20100110/bin/../lib/gcc/avr/4.3.3/avr5\libgcc.a(_fixunssfsi.o)
 .debug_pubnames
                0x0000098f       0x2c d:/courses/embedded systems/amit/eclipse/winavr-20100110/bin/../lib/gcc/avr/4.3.3/avr5\libgcc.a(_addsub_sf.o)
 .debug_pubnames
                0x000009bb       0x1f d:/courses/embedded systems/amit/eclipse/winavr-20100110/bin/../lib/gcc/avr/4.3.3/avr5\libgcc.a(_mul_sf.o)
 .debug_pubnames
                0x000009da       0x1e d:/courses/embedded systems/amit/eclipse/winavr-20100110/bin/../lib/gcc/avr/4.3.3/avr5\libgcc.a(_gt_sf.o)
 .debug_pubnames
                0x000009f8       0x1e d:/courses/embedded systems/amit/eclipse/winavr-20100110/bin/../lib/gcc/avr/4.3.3/avr5\libgcc.a(_ge_sf.o)
 .debug_pubnames
                0x00000a16       0x1e d:/courses/embedded systems/amit/eclipse/winavr-20100110/bin/../lib/gcc/avr/4.3.3/avr5\libgcc.a(_lt_sf.o)
 .debug_pubnames
                0x00000a34       0x20 d:/courses/embedded systems/amit/eclipse/winavr-20100110/bin/../lib/gcc/avr/4.3.3/avr5\libgcc.a(_sf_to_si.o)
 .debug_pubnames
                0x00000a54       0x22 d:/courses/embedded systems/amit/eclipse/winavr-20100110/bin/../lib/gcc/avr/4.3.3/avr5\libgcc.a(_thenan_sf.o)
 .debug_pubnames
                0x00000a76       0x1f d:/courses/embedded systems/amit/eclipse/winavr-20100110/bin/../lib/gcc/avr/4.3.3/avr5\libgcc.a(_pack_sf.o)
 .debug_pubnames
                0x00000a95       0x21 d:/courses/embedded systems/amit/eclipse/winavr-20100110/bin/../lib/gcc/avr/4.3.3/avr5\libgcc.a(_unpack_sf.o)
 .debug_pubnames
                0x00000ab6       0x26 d:/courses/embedded systems/amit/eclipse/winavr-20100110/bin/../lib/gcc/avr/4.3.3/avr5\libgcc.a(_fpcmp_parts_sf.o)

.debug_info     0x00000000     0x41d5
 *(.debug_info)
 .debug_info    0x00000000      0x12e ./MCAL/UART/UART_program.o
 .debug_info    0x0000012e      0xa6a ./MCAL/TIMERS/TIMER_Program.o
 .debug_info    0x00000b98      0x279 ./MCAL/IIC/TWI_Program.o
 .debug_info    0x00000e11       0x62 ./MCAL/G_INT/GINT_Program.o
 .debug_info    0x00000e73      0x334 ./MCAL/DIO/DIO_Program.o
 .debug_info    0x000011a7       0x62 ./MCAL/ADC/ADC_Program.o
 .debug_info    0x00001209      0x132 ./HAL/ServoMotor/SM_Program.o
 .debug_info    0x0000133b      0x14d ./HAL/LED/LED_Program.o
 .debug_info    0x00001488      0x7f6 ./HAL/LCD/LCD_Program.o
 .debug_info    0x00001c7e      0x186 ./HAL/KEYPAD/KEYPAD_Program.o
 .debug_info    0x00001e04      0x2ee ./HAL/EEPROM/EEPROM_Program.o
 .debug_info    0x000020f2      0x106 ./HAL/DC_MOTOR/DCM_Program.o
 .debug_info    0x000021f8      0x394 ./main.o
 .debug_info    0x0000258c       0xb1 d:/courses/embedded systems/amit/eclipse/winavr-20100110/bin/../lib/gcc/avr/4.3.3/avr5\libgcc.a(_fixunssfsi.o)
 .debug_info    0x0000263d      0x47a d:/courses/embedded systems/amit/eclipse/winavr-20100110/bin/../lib/gcc/avr/4.3.3/avr5\libgcc.a(_addsub_sf.o)
 .debug_info    0x00002ab7      0x485 d:/courses/embedded systems/amit/eclipse/winavr-20100110/bin/../lib/gcc/avr/4.3.3/avr5\libgcc.a(_mul_sf.o)
 .debug_info    0x00002f3c      0x27f d:/courses/embedded systems/amit/eclipse/winavr-20100110/bin/../lib/gcc/avr/4.3.3/avr5\libgcc.a(_gt_sf.o)
 .debug_info    0x000031bb      0x27f d:/courses/embedded systems/amit/eclipse/winavr-20100110/bin/../lib/gcc/avr/4.3.3/avr5\libgcc.a(_ge_sf.o)
 .debug_info    0x0000343a      0x27f d:/courses/embedded systems/amit/eclipse/winavr-20100110/bin/../lib/gcc/avr/4.3.3/avr5\libgcc.a(_lt_sf.o)
 .debug_info    0x000036b9      0x2b0 d:/courses/embedded systems/amit/eclipse/winavr-20100110/bin/../lib/gcc/avr/4.3.3/avr5\libgcc.a(_sf_to_si.o)
 .debug_info    0x00003969      0x12c d:/courses/embedded systems/amit/eclipse/winavr-20100110/bin/../lib/gcc/avr/4.3.3/avr5\libgcc.a(_thenan_sf.o)
 .debug_info    0x00003a95      0x2df d:/courses/embedded systems/amit/eclipse/winavr-20100110/bin/../lib/gcc/avr/4.3.3/avr5\libgcc.a(_pack_sf.o)
 .debug_info    0x00003d74      0x251 d:/courses/embedded systems/amit/eclipse/winavr-20100110/bin/../lib/gcc/avr/4.3.3/avr5\libgcc.a(_unpack_sf.o)
 .debug_info    0x00003fc5      0x210 d:/courses/embedded systems/amit/eclipse/winavr-20100110/bin/../lib/gcc/avr/4.3.3/avr5\libgcc.a(_fpcmp_parts_sf.o)
 *(.gnu.linkonce.wi.*)

.debug_abbrev   0x00000000     0x187a
 *(.debug_abbrev)
 .debug_abbrev  0x00000000       0x9a ./MCAL/UART/UART_program.o
 .debug_abbrev  0x0000009a       0xbe ./MCAL/TIMERS/TIMER_Program.o
 .debug_abbrev  0x00000158       0xb2 ./MCAL/IIC/TWI_Program.o
 .debug_abbrev  0x0000020a       0x21 ./MCAL/G_INT/GINT_Program.o
 .debug_abbrev  0x0000022b       0xd3 ./MCAL/DIO/DIO_Program.o
 .debug_abbrev  0x000002fe       0x21 ./MCAL/ADC/ADC_Program.o
 .debug_abbrev  0x0000031f       0x8b ./HAL/ServoMotor/SM_Program.o
 .debug_abbrev  0x000003aa       0x7e ./HAL/LED/LED_Program.o
 .debug_abbrev  0x00000428      0x181 ./HAL/LCD/LCD_Program.o
 .debug_abbrev  0x000005a9       0xc2 ./HAL/KEYPAD/KEYPAD_Program.o
 .debug_abbrev  0x0000066b      0x135 ./HAL/EEPROM/EEPROM_Program.o
 .debug_abbrev  0x000007a0       0x7e ./HAL/DC_MOTOR/DCM_Program.o
 .debug_abbrev  0x0000081e      0x171 ./main.o
 .debug_abbrev  0x0000098f       0x5d d:/courses/embedded systems/amit/eclipse/winavr-20100110/bin/../lib/gcc/avr/4.3.3/avr5\libgcc.a(_fixunssfsi.o)
 .debug_abbrev  0x000009ec      0x1ea d:/courses/embedded systems/amit/eclipse/winavr-20100110/bin/../lib/gcc/avr/4.3.3/avr5\libgcc.a(_addsub_sf.o)
 .debug_abbrev  0x00000bd6      0x21b d:/courses/embedded systems/amit/eclipse/winavr-20100110/bin/../lib/gcc/avr/4.3.3/avr5\libgcc.a(_mul_sf.o)
 .debug_abbrev  0x00000df1      0x15a d:/courses/embedded systems/amit/eclipse/winavr-20100110/bin/../lib/gcc/avr/4.3.3/avr5\libgcc.a(_gt_sf.o)
 .debug_abbrev  0x00000f4b      0x15a d:/courses/embedded systems/amit/eclipse/winavr-20100110/bin/../lib/gcc/avr/4.3.3/avr5\libgcc.a(_ge_sf.o)
 .debug_abbrev  0x000010a5      0x15a d:/courses/embedded systems/amit/eclipse/winavr-20100110/bin/../lib/gcc/avr/4.3.3/avr5\libgcc.a(_lt_sf.o)
 .debug_abbrev  0x000011ff      0x17f d:/courses/embedded systems/amit/eclipse/winavr-20100110/bin/../lib/gcc/avr/4.3.3/avr5\libgcc.a(_sf_to_si.o)
 .debug_abbrev  0x0000137e       0xad d:/courses/embedded systems/amit/eclipse/winavr-20100110/bin/../lib/gcc/avr/4.3.3/avr5\libgcc.a(_thenan_sf.o)
 .debug_abbrev  0x0000142b      0x1c0 d:/courses/embedded systems/amit/eclipse/winavr-20100110/bin/../lib/gcc/avr/4.3.3/avr5\libgcc.a(_pack_sf.o)
 .debug_abbrev  0x000015eb      0x154 d:/courses/embedded systems/amit/eclipse/winavr-20100110/bin/../lib/gcc/avr/4.3.3/avr5\libgcc.a(_unpack_sf.o)
 .debug_abbrev  0x0000173f      0x13b d:/courses/embedded systems/amit/eclipse/winavr-20100110/bin/../lib/gcc/avr/4.3.3/avr5\libgcc.a(_fpcmp_parts_sf.o)

.debug_line     0x00000000     0x5281
 *(.debug_line)
 .debug_line    0x00000000      0x207 ./MCAL/UART/UART_program.o
 .debug_line    0x00000207     0x1819 ./MCAL/TIMERS/TIMER_Program.o
 .debug_line    0x00001a20      0x3df ./MCAL/IIC/TWI_Program.o
 .debug_line    0x00001dff       0xe2 ./MCAL/G_INT/GINT_Program.o
 .debug_line    0x00001ee1      0x52f ./MCAL/DIO/DIO_Program.o
 .debug_line    0x00002410       0xd9 ./MCAL/ADC/ADC_Program.o
 .debug_line    0x000024e9      0x1b6 ./HAL/ServoMotor/SM_Program.o
 .debug_line    0x0000269f      0x197 ./HAL/LED/LED_Program.o
 .debug_line    0x00002836      0xba3 ./HAL/LCD/LCD_Program.o
 .debug_line    0x000033d9      0x358 ./HAL/KEYPAD/KEYPAD_Program.o
 .debug_line    0x00003731      0x4b1 ./HAL/EEPROM/EEPROM_Program.o
 .debug_line    0x00003be2      0x194 ./HAL/DC_MOTOR/DCM_Program.o
 .debug_line    0x00003d76      0x75e ./main.o
 .debug_line    0x000044d4       0xa7 d:/courses/embedded systems/amit/eclipse/winavr-20100110/bin/../lib/gcc/avr/4.3.3/avr5\libgcc.a(_fixunssfsi.o)
 .debug_line    0x0000457b      0x2af d:/courses/embedded systems/amit/eclipse/winavr-20100110/bin/../lib/gcc/avr/4.3.3/avr5\libgcc.a(_addsub_sf.o)
 .debug_line    0x0000482a      0x239 d:/courses/embedded systems/amit/eclipse/winavr-20100110/bin/../lib/gcc/avr/4.3.3/avr5\libgcc.a(_mul_sf.o)
 .debug_line    0x00004a63       0xd3 d:/courses/embedded systems/amit/eclipse/winavr-20100110/bin/../lib/gcc/avr/4.3.3/avr5\libgcc.a(_gt_sf.o)
 .debug_line    0x00004b36       0xd3 d:/courses/embedded systems/amit/eclipse/winavr-20100110/bin/../lib/gcc/avr/4.3.3/avr5\libgcc.a(_ge_sf.o)
 .debug_line    0x00004c09       0xd3 d:/courses/embedded systems/amit/eclipse/winavr-20100110/bin/../lib/gcc/avr/4.3.3/avr5\libgcc.a(_lt_sf.o)
 .debug_line    0x00004cdc      0x109 d:/courses/embedded systems/amit/eclipse/winavr-20100110/bin/../lib/gcc/avr/4.3.3/avr5\libgcc.a(_sf_to_si.o)
 .debug_line    0x00004de5       0x90 d:/courses/embedded systems/amit/eclipse/winavr-20100110/bin/../lib/gcc/avr/4.3.3/avr5\libgcc.a(_thenan_sf.o)
 .debug_line    0x00004e75      0x18a d:/courses/embedded systems/amit/eclipse/winavr-20100110/bin/../lib/gcc/avr/4.3.3/avr5\libgcc.a(_pack_sf.o)
 .debug_line    0x00004fff      0x14b d:/courses/embedded systems/amit/eclipse/winavr-20100110/bin/../lib/gcc/avr/4.3.3/avr5\libgcc.a(_unpack_sf.o)
 .debug_line    0x0000514a      0x137 d:/courses/embedded systems/amit/eclipse/winavr-20100110/bin/../lib/gcc/avr/4.3.3/avr5\libgcc.a(_fpcmp_parts_sf.o)

.debug_frame    0x00000000      0x890
 *(.debug_frame)
 .debug_frame   0x00000000       0x60 ./MCAL/UART/UART_program.o
 .debug_frame   0x00000060      0x210 ./MCAL/TIMERS/TIMER_Program.o
 .debug_frame   0x00000270       0xc0 ./MCAL/IIC/TWI_Program.o
 .debug_frame   0x00000330       0xb0 ./MCAL/DIO/DIO_Program.o
 .debug_frame   0x000003e0       0x30 ./HAL/ServoMotor/SM_Program.o
 .debug_frame   0x00000410       0x40 ./HAL/LED/LED_Program.o
 .debug_frame   0x00000450      0x150 ./HAL/LCD/LCD_Program.o
 .debug_frame   0x000005a0       0x40 ./HAL/KEYPAD/KEYPAD_Program.o
 .debug_frame   0x000005e0       0x80 ./HAL/EEPROM/EEPROM_Program.o
 .debug_frame   0x00000660       0x30 ./HAL/DC_MOTOR/DCM_Program.o
 .debug_frame   0x00000690       0xa0 ./main.o
 .debug_frame   0x00000730       0x20 d:/courses/embedded systems/amit/eclipse/winavr-20100110/bin/../lib/gcc/avr/4.3.3/avr5\libgcc.a(_fixunssfsi.o)
 .debug_frame   0x00000750       0x40 d:/courses/embedded systems/amit/eclipse/winavr-20100110/bin/../lib/gcc/avr/4.3.3/avr5\libgcc.a(_addsub_sf.o)
 .debug_frame   0x00000790       0x20 d:/courses/embedded systems/amit/eclipse/winavr-20100110/bin/../lib/gcc/avr/4.3.3/avr5\libgcc.a(_mul_sf.o)
 .debug_frame   0x000007b0       0x20 d:/courses/embedded systems/amit/eclipse/winavr-20100110/bin/../lib/gcc/avr/4.3.3/avr5\libgcc.a(_gt_sf.o)
 .debug_frame   0x000007d0       0x20 d:/courses/embedded systems/amit/eclipse/winavr-20100110/bin/../lib/gcc/avr/4.3.3/avr5\libgcc.a(_ge_sf.o)
 .debug_frame   0x000007f0       0x20 d:/courses/embedded systems/amit/eclipse/winavr-20100110/bin/../lib/gcc/avr/4.3.3/avr5\libgcc.a(_lt_sf.o)
 .debug_frame   0x00000810       0x20 d:/courses/embedded systems/amit/eclipse/winavr-20100110/bin/../lib/gcc/avr/4.3.3/avr5\libgcc.a(_sf_to_si.o)
 .debug_frame   0x00000830       0x20 d:/courses/embedded systems/amit/eclipse/winavr-20100110/bin/../lib/gcc/avr/4.3.3/avr5\libgcc.a(_pack_sf.o)
 .debug_frame   0x00000850       0x20 d:/courses/embedded systems/amit/eclipse/winavr-20100110/bin/../lib/gcc/avr/4.3.3/avr5\libgcc.a(_unpack_sf.o)
 .debug_frame   0x00000870       0x20 d:/courses/embedded systems/amit/eclipse/winavr-20100110/bin/../lib/gcc/avr/4.3.3/avr5\libgcc.a(_fpcmp_parts_sf.o)

.debug_str      0x00000000     0x1176
 *(.debug_str)
 .debug_str     0x00000000      0x109 ./MCAL/UART/UART_program.o
                                0x13c (size before relaxing)
 .debug_str     0x00000109      0x468 ./MCAL/TIMERS/TIMER_Program.o
                                0x51b (size before relaxing)
 .debug_str     0x00000571      0x1eb ./MCAL/IIC/TWI_Program.o
                                0x29e (size before relaxing)
 .debug_str     0x0000075c       0x1d ./MCAL/G_INT/GINT_Program.o
                                 0xca (size before relaxing)
 .debug_str     0x00000779      0x124 ./MCAL/DIO/DIO_Program.o
                                0x1f7 (size before relaxing)
 .debug_str     0x0000089d       0x1a ./MCAL/ADC/ADC_Program.o
                                 0xc7 (size before relaxing)
 .debug_str     0x000008b7       0x63 ./HAL/ServoMotor/SM_Program.o
                                0x11d (size before relaxing)
 .debug_str     0x0000091a       0x56 ./HAL/LED/LED_Program.o
                                0x128 (size before relaxing)
 .debug_str     0x00000970      0x287 ./HAL/LCD/LCD_Program.o
                                0x38a (size before relaxing)
 .debug_str     0x00000bf7       0xd0 ./HAL/KEYPAD/KEYPAD_Program.o
                                0x195 (size before relaxing)
 .debug_str     0x00000cc7      0x12d ./HAL/EEPROM/EEPROM_Program.o
                                0x24a (size before relaxing)
 .debug_str     0x00000df4       0x50 ./HAL/DC_MOTOR/DCM_Program.o
                                0x123 (size before relaxing)
 .debug_str     0x00000e44       0xf4 ./main.o
                                0x20a (size before relaxing)
 .debug_str     0x00000f38       0x80 d:/courses/embedded systems/amit/eclipse/winavr-20100110/bin/../lib/gcc/avr/4.3.3/avr5\libgcc.a(_fixunssfsi.o)
                                 0xfe (size before relaxing)
 .debug_str     0x00000fb8      0x13d d:/courses/embedded systems/amit/eclipse/winavr-20100110/bin/../lib/gcc/avr/4.3.3/avr5\libgcc.a(_addsub_sf.o)
                                0x206 (size before relaxing)
 .debug_str     0x000010f5       0x27 d:/courses/embedded systems/amit/eclipse/winavr-20100110/bin/../lib/gcc/avr/4.3.3/avr5\libgcc.a(_mul_sf.o)
                                0x1bf (size before relaxing)
 .debug_str     0x0000111c        0xf d:/courses/embedded systems/amit/eclipse/winavr-20100110/bin/../lib/gcc/avr/4.3.3/avr5\libgcc.a(_gt_sf.o)
                                0x195 (size before relaxing)
 .debug_str     0x0000112b        0x8 d:/courses/embedded systems/amit/eclipse/winavr-20100110/bin/../lib/gcc/avr/4.3.3/avr5\libgcc.a(_ge_sf.o)
                                0x195 (size before relaxing)
 .debug_str     0x00001133        0x8 d:/courses/embedded systems/amit/eclipse/winavr-20100110/bin/../lib/gcc/avr/4.3.3/avr5\libgcc.a(_lt_sf.o)
                                0x195 (size before relaxing)
 .debug_str     0x0000113b        0xa d:/courses/embedded systems/amit/eclipse/winavr-20100110/bin/../lib/gcc/avr/4.3.3/avr5\libgcc.a(_sf_to_si.o)
                                0x19e (size before relaxing)
 .debug_str     0x00000000      0x103 d:/courses/embedded systems/amit/eclipse/winavr-20100110/bin/../lib/gcc/avr/4.3.3/avr5\libgcc.a(_thenan_sf.o)
 .debug_str     0x00001145       0x16 d:/courses/embedded systems/amit/eclipse/winavr-20100110/bin/../lib/gcc/avr/4.3.3/avr5\libgcc.a(_pack_sf.o)
                                0x19d (size before relaxing)
 .debug_str     0x0000115b        0xb d:/courses/embedded systems/amit/eclipse/winavr-20100110/bin/../lib/gcc/avr/4.3.3/avr5\libgcc.a(_unpack_sf.o)
                                0x17f (size before relaxing)
 .debug_str     0x00001166       0x10 d:/courses/embedded systems/amit/eclipse/winavr-20100110/bin/../lib/gcc/avr/4.3.3/avr5\libgcc.a(_fpcmp_parts_sf.o)
                                0x163 (size before relaxing)

.debug_loc      0x00000000      0x7ce
 *(.debug_loc)
 .debug_loc     0x00000000       0x34 d:/courses/embedded systems/amit/eclipse/winavr-20100110/bin/../lib/gcc/avr/4.3.3/avr5\libgcc.a(_fixunssfsi.o)
 .debug_loc     0x00000034      0x32a d:/courses/embedded systems/amit/eclipse/winavr-20100110/bin/../lib/gcc/avr/4.3.3/avr5\libgcc.a(_addsub_sf.o)
 .debug_loc     0x0000035e      0x104 d:/courses/embedded systems/amit/eclipse/winavr-20100110/bin/../lib/gcc/avr/4.3.3/avr5\libgcc.a(_mul_sf.o)
 .debug_loc     0x00000462       0x3c d:/courses/embedded systems/amit/eclipse/winavr-20100110/bin/../lib/gcc/avr/4.3.3/avr5\libgcc.a(_gt_sf.o)
 .debug_loc     0x0000049e       0x3c d:/courses/embedded systems/amit/eclipse/winavr-20100110/bin/../lib/gcc/avr/4.3.3/avr5\libgcc.a(_ge_sf.o)
 .debug_loc     0x000004da       0x3c d:/courses/embedded systems/amit/eclipse/winavr-20100110/bin/../lib/gcc/avr/4.3.3/avr5\libgcc.a(_lt_sf.o)
 .debug_loc     0x00000516       0x7e d:/courses/embedded systems/amit/eclipse/winavr-20100110/bin/../lib/gcc/avr/4.3.3/avr5\libgcc.a(_sf_to_si.o)
 .debug_loc     0x00000594      0x13e d:/courses/embedded systems/amit/eclipse/winavr-20100110/bin/../lib/gcc/avr/4.3.3/avr5\libgcc.a(_pack_sf.o)
 .debug_loc     0x000006d2       0xac d:/courses/embedded systems/amit/eclipse/winavr-20100110/bin/../lib/gcc/avr/4.3.3/avr5\libgcc.a(_unpack_sf.o)
 .debug_loc     0x0000077e       0x50 d:/courses/embedded systems/amit/eclipse/winavr-20100110/bin/../lib/gcc/avr/4.3.3/avr5\libgcc.a(_fpcmp_parts_sf.o)

.debug_macinfo  0x00000000    0x11526
 *(.debug_macinfo)
 .debug_macinfo
                0x00000000      0xf34 ./MCAL/UART/UART_program.o
 .debug_macinfo
                0x00000f34     0x164d ./MCAL/TIMERS/TIMER_Program.o
 .debug_macinfo
                0x00002581      0xf64 ./MCAL/IIC/TWI_Program.o
 .debug_macinfo
                0x000034e5      0xd3e ./MCAL/G_INT/GINT_Program.o
 .debug_macinfo
                0x00004223     0x18e0 ./MCAL/DIO/DIO_Program.o
 .debug_macinfo
                0x00005b03     0x1132 ./MCAL/ADC/ADC_Program.o
 .debug_macinfo
                0x00006c35     0x1045 ./HAL/ServoMotor/SM_Program.o
 .debug_macinfo
                0x00007c7a      0xe16 ./HAL/LED/LED_Program.o
 .debug_macinfo
                0x00008a90     0x1deb ./HAL/LCD/LCD_Program.o
 .debug_macinfo
                0x0000a87b     0x1e61 ./HAL/KEYPAD/KEYPAD_Program.o
 .debug_macinfo
                0x0000c6dc     0x1ef3 ./HAL/EEPROM/EEPROM_Program.o
 .debug_macinfo
                0x0000e5cf      0xe25 ./HAL/DC_MOTOR/DCM_Program.o
 .debug_macinfo
                0x0000f3f4     0x2132 ./main.o
OUTPUT(TestingGraduationProject.elf elf32-avr)
LOAD linker stubs

.debug_ranges   0x00000000      0x440
 .debug_ranges  0x00000000       0x38 ./MCAL/UART/UART_program.o
 .debug_ranges  0x00000038      0x110 ./MCAL/TIMERS/TIMER_Program.o
 .debug_ranges  0x00000148       0x68 ./MCAL/IIC/TWI_Program.o
 .debug_ranges  0x000001b0       0x60 ./MCAL/DIO/DIO_Program.o
 .debug_ranges  0x00000210       0x20 ./HAL/ServoMotor/SM_Program.o
 .debug_ranges  0x00000230       0x28 ./HAL/LED/LED_Program.o
 .debug_ranges  0x00000258       0xb0 ./HAL/LCD/LCD_Program.o
 .debug_ranges  0x00000308       0x28 ./HAL/KEYPAD/KEYPAD_Program.o
 .debug_ranges  0x00000330       0x48 ./HAL/EEPROM/EEPROM_Program.o
 .debug_ranges  0x00000378       0x20 ./HAL/DC_MOTOR/DCM_Program.o
 .debug_ranges  0x00000398       0x58 ./main.o
 .debug_ranges  0x000003f0       0x50 d:/courses/embedded systems/amit/eclipse/winavr-20100110/bin/../lib/gcc/avr/4.3.3/avr5\libgcc.a(_mul_sf.o)
